TypeError: arg.charCodeAt is not a function